mvn : WARNING: A restricted method in 
java.lang.System has been called
At line:1 char:1
+ mvn clean compile > build_error.log 2>&1
+ ~~~~~~~~~~~~~~~~~~~~~~~~~~~~~~~~~~~~~~~~
    + CategoryInfo          : NotSpecified: (WARN 
   ING: A rest...has been called:String) [], Rem  
  oteException
    + FullyQualifiedErrorId : NativeCommandError
 
WARNING: java.lang.System::load has been called 
by org.fusesource.jansi.internal.JansiLoader in 
an unnamed module (file:/C:/Program%20Files/Apache
/Maven/apache-maven-3.9.9/lib/jansi-2.4.1.jar)
WARNING: Use --enable-native-access=ALL-UNNAMED 
to avoid a warning for callers in this module
WARNING: Restricted methods will be blocked in a 
future release unless native access is enabled

WARNING: A terminally deprecated method in 
sun.misc.Unsafe has been called
WARNING: sun.misc.Unsafe::objectFieldOffset has 
been called by com.google.common.util.concurrent.A
bstractFuture$UnsafeAtomicHelper (file:/C:/Program
%20Files/Apache/Maven/apache-maven-3.9.9/lib/guava
-33.2.1-jre.jar)
WARNING: Please consider reporting this to the 
maintainers of class com.google.common.util.concur
rent.AbstractFuture$UnsafeAtomicHelper
WARNING: sun.misc.Unsafe::objectFieldOffset will 
be removed in a future release
[INFO] Scanning for projects...
[INFO] 
[INFO] --------------------------< org.example:hrm >---------------------------
[INFO] Building HRM 0.0.1-SNAPSHOT
[INFO]   from pom.xml
[INFO] --------------------------------[ jar ]---------------------------------
[INFO] 
[INFO] --- clean:3.3.2:clean (default-clean) @ hrm ---
[INFO] Deleting C:\Desktop\HRM- Project\Backend-HRM\HRM\target
[INFO] 
[INFO] --- resources:3.3.1:resources (default-resources) @ hrm ---
[INFO] Copying 1 resource from src\main\resources to target\classes
[INFO] Copying 0 resource from src\main\resources to target\classes
[INFO] 
[INFO] --- compiler:3.11.0:compile (default-compile) @ hrm ---
[INFO] Changes detected - recompiling the module! :source
[INFO] Compiling 68 source files with javac [debug release 17] to target\classes
[INFO] -------------------------------------------------------------
[ERROR] COMPILATION ERROR : 
[INFO] -------------------------------------------------------------
[ERROR] /C:/Desktop/HRM- Project/Backend-HRM/HRM/src/main/java/hrm/config/JwtAuthenticationFilter.java:[64,2] reached end of file while parsing
[INFO] 1 error
[INFO] -------------------------------------------------------------
[INFO] ------------------------------------------------------------------------
[INFO] BUILD FAILURE
[INFO] ------------------------------------------------------------------------
[INFO] Total time:  5.670 s
[INFO] Finished at: 2026-02-14T12:45:10+05:30
[INFO] ------------------------------------------------------------------------
[ERROR] Failed to execute goal org.apache.maven.plugins:maven-compiler-plugin:3.11.0:compile (default-compile) on project hrm: Compilation failure
[ERROR] /C:/Desktop/HRM- Project/Backend-HRM/HRM/src/main/java/hrm/config/JwtAuthenticationFilter.java:[64,2] reached end of file while parsing
[ERROR] 
[ERROR] -> [Help 1]
[ERROR] 
[ERROR] To see the full stack trace of the errors, re-run Maven with the -e switch.
[ERROR] Re-run Maven using the -X switch to enable full debug logging.
[ERROR] 
[ERROR] For more information about the errors and possible solutions, please read the following articles:
[ERROR] [Help 1] http://cwiki.apache.org/confluence/display/MAVEN/MojoFailureException
